../../Drivers/CMSIS/Include/core_cm4.h:1667:26:__NVIC_GetPriorityGrouping	4	static
../../Drivers/CMSIS/Include/core_cm4.h:1679:22:__NVIC_EnableIRQ	16	static,ignoring_inline_asm
../../Drivers/CMSIS/Include/core_cm4.h:1809:22:__NVIC_SetPriority	16	static
../../Drivers/CMSIS/Include/core_cm4.h:1856:26:NVIC_EncodePriority	40	static
../../Drivers/STM32G4xx_HAL_Driver/Inc/stm32g4xx_ll_dma.h:628:22:LL_DMA_SetDataTransferDirection	32	static
../../Drivers/STM32G4xx_HAL_Driver/Inc/stm32g4xx_ll_dma.h:683:22:LL_DMA_SetMode	32	static
../../Drivers/STM32G4xx_HAL_Driver/Inc/stm32g4xx_ll_dma.h:734:22:LL_DMA_SetPeriphIncMode	32	static
../../Drivers/STM32G4xx_HAL_Driver/Inc/stm32g4xx_ll_dma.h:785:22:LL_DMA_SetMemoryIncMode	32	static
../../Drivers/STM32G4xx_HAL_Driver/Inc/stm32g4xx_ll_dma.h:837:22:LL_DMA_SetPeriphSize	32	static
../../Drivers/STM32G4xx_HAL_Driver/Inc/stm32g4xx_ll_dma.h:890:22:LL_DMA_SetMemorySize	32	static
../../Drivers/STM32G4xx_HAL_Driver/Inc/stm32g4xx_ll_dma.h:944:22:LL_DMA_SetChannelPriorityLevel	32	static
../../Drivers/STM32G4xx_HAL_Driver/Inc/stm32g4xx_ll_dma.h:1406:22:LL_DMA_SetPeriphRequest	32	static
../../Drivers/STM32G4xx_HAL_Driver/Inc/stm32g4xx_ll_lpuart.h:495:22:LL_LPUART_Enable	16	static
../../Drivers/STM32G4xx_HAL_Driver/Inc/stm32g4xx_ll_lpuart.h:547:22:LL_LPUART_DisableFIFO	16	static
../../Drivers/STM32G4xx_HAL_Driver/Inc/stm32g4xx_ll_lpuart.h:576:22:LL_LPUART_SetTXFIFOThreshold	40	static,ignoring_inline_asm
../../Drivers/STM32G4xx_HAL_Driver/Inc/stm32g4xx_ll_lpuart.h:611:22:LL_LPUART_SetRXFIFOThreshold	40	static,ignoring_inline_asm
../../Drivers/STM32G4xx_HAL_Driver/Inc/stm32g4xx_ll_lpuart.h:1760:26:LL_LPUART_IsActiveFlag_TEACK	16	static
../../Drivers/STM32G4xx_HAL_Driver/Inc/stm32g4xx_ll_lpuart.h:1771:26:LL_LPUART_IsActiveFlag_REACK	16	static
../../Drivers/STM32G4xx_HAL_Driver/Inc/stm32g4xx_ll_rcc.h:1009:22:LL_RCC_HSI_Enable	4	static
../../Drivers/STM32G4xx_HAL_Driver/Inc/stm32g4xx_ll_rcc.h:1029:26:LL_RCC_HSI_IsReady	4	static
../../Drivers/STM32G4xx_HAL_Driver/Inc/stm32g4xx_ll_rcc.h:1055:22:LL_RCC_HSI_SetCalibTrimming	16	static
../../Drivers/STM32G4xx_HAL_Driver/Inc/stm32g4xx_ll_rcc.h:1346:22:LL_RCC_SetSysClkSource	16	static
../../Drivers/STM32G4xx_HAL_Driver/Inc/stm32g4xx_ll_rcc.h:1359:26:LL_RCC_GetSysClkSource	4	static
../../Drivers/STM32G4xx_HAL_Driver/Inc/stm32g4xx_ll_rcc.h:1379:22:LL_RCC_SetAHBPrescaler	16	static
../../Drivers/STM32G4xx_HAL_Driver/Inc/stm32g4xx_ll_rcc.h:1395:22:LL_RCC_SetAPB1Prescaler	16	static
../../Drivers/STM32G4xx_HAL_Driver/Inc/stm32g4xx_ll_rcc.h:1411:22:LL_RCC_SetAPB2Prescaler	16	static
../../Drivers/STM32G4xx_HAL_Driver/Inc/stm32g4xx_ll_rcc.h:1565:22:LL_RCC_SetLPUARTClockSource	16	static
../../Drivers/STM32G4xx_HAL_Driver/Inc/stm32g4xx_ll_rcc.h:2063:22:LL_RCC_PLL_Enable	4	static
../../Drivers/STM32G4xx_HAL_Driver/Inc/stm32g4xx_ll_rcc.h:2084:26:LL_RCC_PLL_IsReady	4	static
../../Drivers/STM32G4xx_HAL_Driver/Inc/stm32g4xx_ll_rcc.h:2127:22:LL_RCC_PLL_ConfigDomain_SYS	24	static
../../Drivers/STM32G4xx_HAL_Driver/Inc/stm32g4xx_ll_rcc.h:2456:22:LL_RCC_PLL_EnableDomain_SYS	4	static
../../Drivers/STM32G4xx_HAL_Driver/Inc/stm32g4xx_ll_bus.h:243:22:LL_AHB1_GRP1_EnableClock	24	static
../../Drivers/STM32G4xx_HAL_Driver/Inc/stm32g4xx_ll_bus.h:451:22:LL_AHB2_GRP1_EnableClock	24	static
../../Drivers/STM32G4xx_HAL_Driver/Inc/stm32g4xx_ll_bus.h:913:22:LL_APB1_GRP1_EnableClock	24	static
../../Drivers/STM32G4xx_HAL_Driver/Inc/stm32g4xx_ll_bus.h:935:22:LL_APB1_GRP2_EnableClock	24	static
../../Drivers/STM32G4xx_HAL_Driver/Inc/stm32g4xx_ll_system.h:1292:22:LL_FLASH_SetLatency	16	static
../../Drivers/STM32G4xx_HAL_Driver/Inc/stm32g4xx_ll_system.h:1320:26:LL_FLASH_GetLatency	4	static
../../Drivers/STM32G4xx_HAL_Driver/Inc/stm32g4xx_ll_pwr.h:341:22:LL_PWR_EnableRange1BoostMode	4	static
../../Drivers/STM32G4xx_HAL_Driver/Inc/stm32g4xx_ll_tim.h:2214:22:LL_TIM_DisableARRPreload	16	static
../../Drivers/STM32G4xx_HAL_Driver/Inc/stm32g4xx_ll_tim.h:3567:22:LL_TIM_IC_SetActiveInput	32	static
../../Drivers/STM32G4xx_HAL_Driver/Inc/stm32g4xx_ll_tim.h:3617:22:LL_TIM_IC_SetPrescaler	32	static
../../Drivers/STM32G4xx_HAL_Driver/Inc/stm32g4xx_ll_tim.h:3680:22:LL_TIM_IC_SetFilter	32	static
../../Drivers/STM32G4xx_HAL_Driver/Inc/stm32g4xx_ll_tim.h:3746:22:LL_TIM_IC_SetPolarity	32	static
../../Drivers/STM32G4xx_HAL_Driver/Inc/stm32g4xx_ll_tim.h:3977:22:LL_TIM_SetEncoderMode	16	static
../../Drivers/STM32G4xx_HAL_Driver/Inc/stm32g4xx_ll_tim.h:4007:22:LL_TIM_SetTriggerOutput	16	static
../../Drivers/STM32G4xx_HAL_Driver/Inc/stm32g4xx_ll_tim.h:4113:22:LL_TIM_DisableMasterSlaveMode	16	static
C:/Users/jua/Desktop/Code/RMX Lab/FRA271_Lab1_Sensors-main/Encoder_reader/Core/Src/main.c:68:6:SystemClock_Config	16	static
C:/Users/jua/Desktop/Code/RMX Lab/FRA271_Lab1_Sensors-main/Encoder_reader/Core/Src/main.c:118:6:MX_LPUART1_UART_Init	64	static
C:/Users/jua/Desktop/Code/RMX Lab/FRA271_Lab1_Sensors-main/Encoder_reader/Core/Src/main.c:210:6:MX_TIM3_Init	56	static
C:/Users/jua/Desktop/Code/RMX Lab/FRA271_Lab1_Sensors-main/Encoder_reader/Core/Src/main.c:274:6:MX_DMA_Init	8	static
C:/Users/jua/Desktop/Code/RMX Lab/FRA271_Lab1_Sensors-main/Encoder_reader/Core/Src/main.c:294:6:MX_GPIO_Init	32	static
C:/Users/jua/Desktop/Code/RMX Lab/FRA271_Lab1_Sensors-main/Encoder_reader/Core/Src/main.c:330:6:HAL_TIM_PeriodElapsedCallback	16	static
C:/Users/jua/Desktop/Code/RMX Lab/FRA271_Lab1_Sensors-main/Encoder_reader/Core/Src/main.c:348:6:Error_Handler	4	static,ignoring_inline_asm
